Synthetic AFSC walleye-pollock-style assessment example
=======================================================

Synthetic and public-data-safe. Not an official assessment.
Assessment-scale diagnostic: tolerance is relaxed for synthetic profiling/identifiability checks.
Recruitment deviations use a fixed AR(1) prior: rho=0.60, sigma=0.15.
Random recruitment enabled for first 5 year(s).

Loaded synthetic rows: 20

Quadra: Discovering Hessian pattern from AD graph for 5 random variables ...
Quadra: Model structure aware now => Hessian pattern has 25 entries.
L-BFGS: outer eval =   1, fx =      23.342215, |grad| = [1;31m   91.077988[0m
L-BFGS: outer eval =  14, fx =       0.075835, |grad| = [1;32m    0.004962[0m
L-BFGS: stopped at first iterate satisfying requested fixed-effect gradient tolerance.

Fit diagnostics
---------------
objective          0.075835
grad_norm          0.004962
iterations         14
converged          yes
message            converged to requested fixed-effect gradient tolerance
max_grad_param     log_r0
max_grad_value     -0.004961
max_abs_grad       0.004961

Optimizer structure diagnostics
-------------------------------
random effects     5
pattern available  yes
detected structure dense
Hessian nonzeros   25

Wrote outputs:
  examples/NMFS/afsc_walleye_pollock/outputs/walleye_pollock_fit_summary.csv
  examples/NMFS/afsc_walleye_pollock/outputs/walleye_pollock_recruitment_deviations.csv
