Synthetic AFSC walleye-pollock-style assessment example
=======================================================

Synthetic and public-data-safe. Not an official assessment.
Assessment-scale diagnostic: tolerance is relaxed for synthetic profiling/identifiability checks.
Recruitment deviations use a fixed AR(1) prior: rho=0.60, sigma=0.15.
Random recruitment enabled for first 20 year(s).

Loaded synthetic rows: 20

Quadra: Discovering Hessian pattern from AD graph for 20 random variables ...
Quadra: Model structure aware now => Hessian pattern has 364 entries.
L-BFGS: outer eval =   1, fx =       7.366744, |grad| = [1;31m   73.912784[0m
L-BFGS: outer eval =  15, fx =     -14.386837, |grad| = [1;32m    0.005222[0m
L-BFGS: stopped at first iterate satisfying requested fixed-effect gradient tolerance.

Fit diagnostics
---------------
objective          -14.386837
grad_norm          0.005222
iterations         15
converged          yes
message            converged to requested fixed-effect gradient tolerance
max_grad_param     log_r0
max_grad_value     0.005222
max_abs_grad       0.005222

Optimizer structure diagnostics
-------------------------------
random effects     20
pattern available  yes
detected structure dense
Hessian nonzeros   364

Wrote outputs:
  examples/NMFS/afsc_walleye_pollock/outputs/walleye_pollock_fit_summary.csv
  examples/NMFS/afsc_walleye_pollock/outputs/walleye_pollock_recruitment_deviations.csv
