Synthetic AFSC walleye-pollock-style assessment example
=======================================================

Synthetic and public-data-safe. Not an official assessment.
Assessment-scale diagnostic: tolerance is relaxed for synthetic profiling/identifiability checks.
Recruitment deviations use a fixed AR(1) prior: rho=0.60, sigma=0.15.
Random recruitment enabled for first 1 year(s).

Loaded synthetic rows: 20

Quadra: Discovering Hessian pattern from AD graph for 1 random variables ...
Quadra: Model structure aware now => Hessian pattern has 1 entries.
L-BFGS: outer eval =   1, fx =      31.117211, |grad| = [1;31m  108.596779[0m
L-BFGS: outer eval =  11, fx =       3.606481, |grad| = [1;32m    0.005162[0m
L-BFGS: stopped at first iterate satisfying requested fixed-effect gradient tolerance.

Fit diagnostics
---------------
objective          3.606481
grad_norm          0.005162
iterations         11
converged          yes
message            converged to requested fixed-effect gradient tolerance
max_grad_param     log_r0
max_grad_value     -0.005138
max_abs_grad       0.005138

Optimizer structure diagnostics
-------------------------------
random effects     1
pattern available  yes
detected structure diagonal
Hessian nonzeros   1

Wrote outputs:
  examples/NMFS/afsc_walleye_pollock/outputs/walleye_pollock_fit_summary.csv
  examples/NMFS/afsc_walleye_pollock/outputs/walleye_pollock_recruitment_deviations.csv
